Archive member included to satisfy reference by file (symbol)

c:/st/stm32cubeide_1.11.2/stm32cubeide/plugins/com.st.stm32cube.ide.mcu.externaltools.gnu-tools-for-stm32.10.3-2021.10.win32_1.0.100.202210260954/tools/bin/../lib/gcc/arm-none-eabi/10.3.1/../../../../arm-none-eabi/lib/thumb/v7e-m/nofp\libc_nano.a(lib_a-errno.o)
                              ./Core/Src/syscalls.o (__errno)
c:/st/stm32cubeide_1.11.2/stm32cubeide/plugins/com.st.stm32cube.ide.mcu.externaltools.gnu-tools-for-stm32.10.3-2021.10.win32_1.0.100.202210260954/tools/bin/../lib/gcc/arm-none-eabi/10.3.1/../../../../arm-none-eabi/lib/thumb/v7e-m/nofp\libc_nano.a(lib_a-exit.o)
                              c:/st/stm32cubeide_1.11.2/stm32cubeide/plugins/com.st.stm32cube.ide.mcu.externaltools.gnu-tools-for-stm32.10.3-2021.10.win32_1.0.100.202210260954/tools/bin/../lib/gcc/arm-none-eabi/10.3.1/../../../../arm-none-eabi/lib/thumb/v7e-m/nofp/crt0.o (exit)
c:/st/stm32cubeide_1.11.2/stm32cubeide/plugins/com.st.stm32cube.ide.mcu.externaltools.gnu-tools-for-stm32.10.3-2021.10.win32_1.0.100.202210260954/tools/bin/../lib/gcc/arm-none-eabi/10.3.1/../../../../arm-none-eabi/lib/thumb/v7e-m/nofp\libc_nano.a(lib_a-impure.o)
                              c:/st/stm32cubeide_1.11.2/stm32cubeide/plugins/com.st.stm32cube.ide.mcu.externaltools.gnu-tools-for-stm32.10.3-2021.10.win32_1.0.100.202210260954/tools/bin/../lib/gcc/arm-none-eabi/10.3.1/../../../../arm-none-eabi/lib/thumb/v7e-m/nofp\libc_nano.a(lib_a-exit.o) (_global_impure_ptr)
c:/st/stm32cubeide_1.11.2/stm32cubeide/plugins/com.st.stm32cube.ide.mcu.externaltools.gnu-tools-for-stm32.10.3-2021.10.win32_1.0.100.202210260954/tools/bin/../lib/gcc/arm-none-eabi/10.3.1/../../../../arm-none-eabi/lib/thumb/v7e-m/nofp\libc_nano.a(lib_a-init.o)
                              c:/st/stm32cubeide_1.11.2/stm32cubeide/plugins/com.st.stm32cube.ide.mcu.externaltools.gnu-tools-for-stm32.10.3-2021.10.win32_1.0.100.202210260954/tools/bin/../lib/gcc/arm-none-eabi/10.3.1/../../../../arm-none-eabi/lib/thumb/v7e-m/nofp/crt0.o (__libc_init_array)
c:/st/stm32cubeide_1.11.2/stm32cubeide/plugins/com.st.stm32cube.ide.mcu.externaltools.gnu-tools-for-stm32.10.3-2021.10.win32_1.0.100.202210260954/tools/bin/../lib/gcc/arm-none-eabi/10.3.1/../../../../arm-none-eabi/lib/thumb/v7e-m/nofp\libc_nano.a(lib_a-memset.o)
                              c:/st/stm32cubeide_1.11.2/stm32cubeide/plugins/com.st.stm32cube.ide.mcu.externaltools.gnu-tools-for-stm32.10.3-2021.10.win32_1.0.100.202210260954/tools/bin/../lib/gcc/arm-none-eabi/10.3.1/../../../../arm-none-eabi/lib/thumb/v7e-m/nofp/crt0.o (memset)
c:/st/stm32cubeide_1.11.2/stm32cubeide/plugins/com.st.stm32cube.ide.mcu.externaltools.gnu-tools-for-stm32.10.3-2021.10.win32_1.0.100.202210260954/tools/bin/../lib/gcc/arm-none-eabi/10.3.1/thumb/v7e-m/nofp\libgcc.a(_aeabi_uldivmod.o)
                              ./Drivers/STM32WLxx_HAL_Driver/stm32wlxx_hal_uart.o (__aeabi_uldivmod)
c:/st/stm32cubeide_1.11.2/stm32cubeide/plugins/com.st.stm32cube.ide.mcu.externaltools.gnu-tools-for-stm32.10.3-2021.10.win32_1.0.100.202210260954/tools/bin/../lib/gcc/arm-none-eabi/10.3.1/thumb/v7e-m/nofp\libgcc.a(_udivmoddi4.o)
                              c:/st/stm32cubeide_1.11.2/stm32cubeide/plugins/com.st.stm32cube.ide.mcu.externaltools.gnu-tools-for-stm32.10.3-2021.10.win32_1.0.100.202210260954/tools/bin/../lib/gcc/arm-none-eabi/10.3.1/thumb/v7e-m/nofp\libgcc.a(_aeabi_uldivmod.o) (__udivmoddi4)
c:/st/stm32cubeide_1.11.2/stm32cubeide/plugins/com.st.stm32cube.ide.mcu.externaltools.gnu-tools-for-stm32.10.3-2021.10.win32_1.0.100.202210260954/tools/bin/../lib/gcc/arm-none-eabi/10.3.1/thumb/v7e-m/nofp\libgcc.a(_dvmd_tls.o)
                              c:/st/stm32cubeide_1.11.2/stm32cubeide/plugins/com.st.stm32cube.ide.mcu.externaltools.gnu-tools-for-stm32.10.3-2021.10.win32_1.0.100.202210260954/tools/bin/../lib/gcc/arm-none-eabi/10.3.1/thumb/v7e-m/nofp\libgcc.a(_aeabi_uldivmod.o) (__aeabi_ldiv0)

Discarded input sections

 .text          0x0000000000000000        0x0 c:/st/stm32cubeide_1.11.2/stm32cubeide/plugins/com.st.stm32cube.ide.mcu.externaltools.gnu-tools-for-stm32.10.3-2021.10.win32_1.0.100.202210260954/tools/bin/../lib/gcc/arm-none-eabi/10.3.1/thumb/v7e-m/nofp/crti.o
 .data          0x0000000000000000        0x0 c:/st/stm32cubeide_1.11.2/stm32cubeide/plugins/com.st.stm32cube.ide.mcu.externaltools.gnu-tools-for-stm32.10.3-2021.10.win32_1.0.100.202210260954/tools/bin/../lib/gcc/arm-none-eabi/10.3.1/thumb/v7e-m/nofp/crti.o
 .bss           0x0000000000000000        0x0 c:/st/stm32cubeide_1.11.2/stm32cubeide/plugins/com.st.stm32cube.ide.mcu.externaltools.gnu-tools-for-stm32.10.3-2021.10.win32_1.0.100.202210260954/tools/bin/../lib/gcc/arm-none-eabi/10.3.1/thumb/v7e-m/nofp/crti.o
[...]
Memory Configuration

Name             Origin             Length             Attributes
RAM              0x0000000020000000 0x0000000000008000 xrw
FLASH            0x0000000008000000 0x0000000000020000 xr
*default*        0x0000000000000000 0xffffffffffffffff

Linker script and memory map

LOAD c:/st/stm32cubeide_1.11.2/stm32cubeide/plugins/com.st.stm32cube.ide.mcu.externaltools.gnu-tools-for-stm32.10.3-2021.10.win32_1.0.100.202210260954/tools/bin/../lib/gcc/arm-none-eabi/10.3.1/thumb/v7e-m/nofp/crti.o
LOAD c:/st/stm32cubeide_1.11.2/stm32cubeide/plugins/com.st.stm32cube.ide.mcu.externaltools.gnu-tools-for-stm32.10.3-2021.10.win32_1.0.100.202210260954/tools/bin/../lib/gcc/arm-none-eabi/10.3.1/thumb/v7e-m/nofp/crtbegin.o
LOAD c:/st/stm32cubeide_1.11.2/stm32cubeide/plugins/com.st.stm32cube.ide.mcu.externaltools.gnu-tools-for-stm32.10.3-2021.10.win32_1.0.100.202210260954/tools/bin/../lib/gcc/arm-none-eabi/10.3.1/../../../../arm-none-eabi/lib/thumb/v7e-m/nofp/crt0.o
LOAD ./Common/System/system_stm32wlxx.o
LOAD ./Core/Src/main.o
LOAD ./Core/Src/stm32wlxx_hal_msp.o
LOAD ./Core/Src/stm32wlxx_it.o
LOAD ./Core/Src/syscalls.o
LOAD ./Core/Src/sysmem.o
LOAD ./Core/Startup/startup_stm32wl55jcix.o
LOAD ./Drivers/STM32WLxx_HAL_Driver/stm32wlxx_hal.o
LOAD ./Drivers/STM32WLxx_HAL_Driver/stm32wlxx_hal_cortex.o
LOAD ./Drivers/STM32WLxx_HAL_Driver/stm32wlxx_hal_dma.o
LOAD ./Drivers/STM32WLxx_HAL_Driver/stm32wlxx_hal_dma_ex.o
LOAD ./Drivers/STM32WLxx_HAL_Driver/stm32wlxx_hal_exti.o
LOAD ./Drivers/STM32WLxx_HAL_Driver/stm32wlxx_hal_flash.o
LOAD ./Drivers/STM32WLxx_HAL_Driver/stm32wlxx_hal_flash_ex.o
LOAD ./Drivers/STM32WLxx_HAL_Driver/stm32wlxx_hal_gpio.o
LOAD ./Drivers/STM32WLxx_HAL_Driver/stm32wlxx_hal_pwr.o
LOAD ./Drivers/STM32WLxx_HAL_Driver/stm32wlxx_hal_pwr_ex.o
LOAD ./Drivers/STM32WLxx_HAL_Driver/stm32wlxx_hal_rcc.o
LOAD ./Drivers/STM32WLxx_HAL_Driver/stm32wlxx_hal_rcc_ex.o
LOAD ./Drivers/STM32WLxx_HAL_Driver/stm32wlxx_hal_tim.o
LOAD ./Drivers/STM32WLxx_HAL_Driver/stm32wlxx_hal_tim_ex.o
LOAD ./Drivers/STM32WLxx_HAL_Driver/stm32wlxx_hal_uart.o
LOAD ./Drivers/STM32WLxx_HAL_Driver/stm32wlxx_hal_uart_ex.o
START GROUP
LOAD c:/st/stm32cubeide_1.11.2/stm32cubeide/plugins/com.st.stm32cube.ide.mcu.externaltools.gnu-tools-for-stm32.10.3-2021.10.win32_1.0.100.202210260954/tools/bin/../lib/gcc/arm-none-eabi/10.3.1/../../../../arm-none-eabi/lib/thumb/v7e-m/nofp\libc_nano.a
LOAD c:/st/stm32cubeide_1.11.2/stm32cubeide/plugins/com.st.stm32cube.ide.mcu.externaltools.gnu-tools-for-stm32.10.3-2021.10.win32_1.0.100.202210260954/tools/bin/../lib/gcc/arm-none-eabi/10.3.1/../../../../arm-none-eabi/lib/thumb/v7e-m/nofp\libm.a
END GROUP
START GROUP
LOAD c:/st/stm32cubeide_1.11.2/stm32cubeide/plugins/com.st.stm32cube.ide.mcu.externaltools.gnu-tools-for-stm32.10.3-2021.10.win32_1.0.100.202210260954/tools/bin/../lib/gcc/arm-none-eabi/10.3.1/thumb/v7e-m/nofp\libgcc.a
LOAD c:/st/stm32cubeide_1.11.2/stm32cubeide/plugins/com.st.stm32cube.ide.mcu.externaltools.gnu-tools-for-stm32.10.3-2021.10.win32_1.0.100.202210260954/tools/bin/../lib/gcc/arm-none-eabi/10.3.1/../../../../arm-none-eabi/lib/thumb/v7e-m/nofp\libc_nano.a
END GROUP
START GROUP
LOAD c:/st/stm32cubeide_1.11.2/stm32cubeide/plugins/com.st.stm32cube.ide.mcu.externaltools.gnu-tools-for-stm32.10.3-2021.10.win32_1.0.100.202210260954/tools/bin/../lib/gcc/arm-none-eabi/10.3.1/thumb/v7e-m/nofp\libgcc.a
LOAD c:/st/stm32cubeide_1.11.2/stm32cubeide/plugins/com.st.stm32cube.ide.mcu.externaltools.gnu-tools-for-stm32.10.3-2021.10.win32_1.0.100.202210260954/tools/bin/../lib/gcc/arm-none-eabi/10.3.1/../../../../arm-none-eabi/lib/thumb/v7e-m/nofp\libc_nano.a
LOAD c:/st/stm32cubeide_1.11.2/stm32cubeide/plugins/com.st.stm32cube.ide.mcu.externaltools.gnu-tools-for-stm32.10.3-2021.10.win32_1.0.100.202210260954/tools/bin/../lib/gcc/arm-none-eabi/10.3.1/../../../../arm-none-eabi/lib/thumb/v7e-m/nofp\libnosys.a
END GROUP
START GROUP
LOAD c:/st/stm32cubeide_1.11.2/stm32cubeide/plugins/com.st.stm32cube.ide.mcu.externaltools.gnu-tools-for-stm32.10.3-2021.10.win32_1.0.100.202210260954/tools/bin/../lib/gcc/arm-none-eabi/10.3.1/thumb/v7e-m/nofp\libgcc.a
LOAD c:/st/stm32cubeide_1.11.2/stm32cubeide/plugins/com.st.stm32cube.ide.mcu.externaltools.gnu-tools-for-stm32.10.3-2021.10.win32_1.0.100.202210260954/tools/bin/../lib/gcc/arm-none-eabi/10.3.1/../../../../arm-none-eabi/lib/thumb/v7e-m/nofp\libc_nano.a
LOAD c:/st/stm32cubeide_1.11.2/stm32cubeide/plugins/com.st.stm32cube.ide.mcu.externaltools.gnu-tools-for-stm32.10.3-2021.10.win32_1.0.100.202210260954/tools/bin/../lib/gcc/arm-none-eabi/10.3.1/../../../../arm-none-eabi/lib/thumb/v7e-m/nofp\libnosys.a
END GROUP
LOAD c:/st/stm32cubeide_1.11.2/stm32cubeide/plugins/com.st.stm32cube.ide.mcu.externaltools.gnu-tools-for-stm32.10.3-2021.10.win32_1.0.100.202210260954/tools/bin/../lib/gcc/arm-none-eabi/10.3.1/thumb/v7e-m/nofp/crtend.o
LOAD c:/st/stm32cubeide_1.11.2/stm32cubeide/plugins/com.st.stm32cube.ide.mcu.externaltools.gnu-tools-for-stm32.10.3-2021.10.win32_1.0.100.202210260954/tools/bin/../lib/gcc/arm-none-eabi/10.3.1/thumb/v7e-m/nofp/crtn.o
                0x0000000020008000                _estack = (ORIGIN (RAM) + LENGTH (RAM))
                0x0000000000000200                _Min_Heap_Size = 0x200
                0x0000000000000400                _Min_Stack_Size = 0x400

.isr_vector     0x0000000008000000      0x138
                0x0000000008000000                . = ALIGN (0x4)
 *(.isr_vector)
 .isr_vector    0x0000000008000000      0x138 ./Core/Startup/startup_stm32wl55jcix.o
                0x0000000008000000                g_pfnVectors
                0x0000000008000138                . = ALIGN (0x4)

.text           0x0000000008000138     0x44bc
                0x0000000008000138                . = ALIGN (0x4)
 *(.text)
 .text          0x0000000008000138       0x40 c:/st/stm32cubeide_1.11.2/stm32cubeide/plugins/com.st.stm32cube.ide.mcu.externaltools.gnu-tools-for-stm32.10.3-2021.10.win32_1.0.100.202210260954/tools/bin/../lib/gcc/arm-none-eabi/10.3.1/thumb/v7e-m/nofp/crtbegin.o
 .text          0x0000000008000178       0x30 c:/st/stm32cubeide_1.11.2/stm32cubeide/plugins/com.st.stm32cube.ide.mcu.externaltools.gnu-tools-for-stm32.10.3-2021.10.win32_1.0.100.202210260954/tools/bin/../lib/gcc/arm-none-eabi/10.3.1/thumb/v7e-m/nofp\libgcc.a(_aeabi_uldivmod.o)
                0x0000000008000178                __aeabi_uldivmod
 .text          0x00000000080001a8      0x2d0 c:/st/stm32cubeide_1.11.2/stm32cubeide/plugins/com.st.stm32cube.ide.mcu.externaltools.gnu-tools-for-stm32.10.3-2021.10.win32_1.0.100.202210260954/tools/bin/../lib/gcc/arm-none-eabi/10.3.1/thumb/v7e-m/nofp\libgcc.a(_udivmoddi4.o)
                0x00000000080001a8                __udivmoddi4
 .text          0x0000000008000478        0x4 c:/st/stm32cubeide_1.11.2/stm32cubeide/plugins/com.st.stm32cube.ide.mcu.externaltools.gnu-tools-for-stm32.10.3-2021.10.win32_1.0.100.202210260954/tools/bin/../lib/gcc/arm-none-eabi/10.3.1/thumb/v7e-m/nofp\libgcc.a(_dvmd_tls.o)
                0x0000000008000478                __aeabi_idiv0
                0x0000000008000478                __aeabi_ldiv0
 *(.text*)
 .text.SystemInit
                0x000000000800047c        0xc ./Common/System/system_stm32wlxx.o
                0x000000000800047c                SystemInit
 .text.LL_RCC_LSE_SetDriveCapability
                0x0000000008000488       0x2a ./Core/Src/main.o
 .text.LL_AHB2_GRP1_EnableClock
                0x00000000080004b2       0x30 ./Core/Src/main.o
 *fill*         0x00000000080004e2        0x2 
 .text.main     0x00000000080004e4       0x44 ./Core/Src/main.o
                0x00000000080004e4                main
 .text.SystemClock_Config
                0x0000000008000528       0xb4 ./Core/Src/main.o
                0x0000000008000528                SystemClock_Config
 .text.MX_TIM1_Init
                0x00000000080005dc      0x160 ./Core/Src/main.o
 .text.MX_USART2_UART_Init
                0x000000000800073c       0x98 ./Core/Src/main.o
 .text.MX_GPIO_Init
                0x00000000080007d4       0x1a ./Core/Src/main.o
 *fill*         0x00000000080007ee        0x2 
 .text.HAL_TIM_PeriodElapsedCallback
                0x00000000080007f0       0x54 ./Core/Src/main.o
                0x00000000080007f0                HAL_TIM_PeriodElapsedCallback
 .text.Error_Handler
                0x0000000008000844        0xa ./Core/Src/main.o
                0x0000000008000844                Error_Handler
 .text.LL_AHB2_GRP1_EnableClock
                0x000000000800084e       0x30 ./Core/Src/stm32wlxx_hal_msp.o
 .text.LL_APB1_GRP1_EnableClock
                0x000000000800087e       0x30 ./Core/Src/stm32wlxx_hal_msp.o
 .text.LL_APB2_GRP1_EnableClock
                0x00000000080008ae       0x30 ./Core/Src/stm32wlxx_hal_msp.o
 .text.HAL_MspInit
                0x00000000080008de        0xc ./Core/Src/stm32wlxx_hal_msp.o
                0x00000000080008de                HAL_MspInit
 *fill*         0x00000000080008ea        0x2 
 .text.HAL_TIM_Base_MspInit
                0x00000000080008ec       0x38 ./Core/Src/stm32wlxx_hal_msp.o
                0x00000000080008ec                HAL_TIM_Base_MspInit
 .text.HAL_TIM_MspPostInit
                0x0000000008000924       0x58 ./Core/Src/stm32wlxx_hal_msp.o
                0x0000000008000924                HAL_TIM_MspPostInit
 .text.HAL_UART_MspInit
                0x000000000800097c       0x8c ./Core/Src/stm32wlxx_hal_msp.o
                0x000000000800097c                HAL_UART_MspInit
 .text.NMI_Handler
                0x0000000008000a08        0x6 ./Core/Src/stm32wlxx_it.o
                0x0000000008000a08                NMI_Handler
 .text.HardFault_Handler
                0x0000000008000a0e        0x6 ./Core/Src/stm32wlxx_it.o
                0x0000000008000a0e                HardFault_Handler
 .text.MemManage_Handler
                0x0000000008000a14        0x6 ./Core/Src/stm32wlxx_it.o
                0x0000000008000a14                MemManage_Handler
 .text.BusFault_Handler
                0x0000000008000a1a        0x6 ./Core/Src/stm32wlxx_it.o
                0x0000000008000a1a                BusFault_Handler
 .text.UsageFault_Handler
                0x0000000008000a20        0x6 ./Core/Src/stm32wlxx_it.o
                0x0000000008000a20                UsageFault_Handler
 .text.SVC_Handler
                0x0000000008000a26        0xc ./Core/Src/stm32wlxx_it.o
                0x0000000008000a26                SVC_Handler
 .text.DebugMon_Handler
                0x0000000008000a32        0xc ./Core/Src/stm32wlxx_it.o
                0x0000000008000a32                DebugMon_Handler
 .text.PendSV_Handler
                0x0000000008000a3e        0xc ./Core/Src/stm32wlxx_it.o
                0x0000000008000a3e                PendSV_Handler
 .text.SysTick_Handler
                0x0000000008000a4a        0xc ./Core/Src/stm32wlxx_it.o
                0x0000000008000a4a                SysTick_Handler
 *fill*         0x0000000008000a56        0x2 
 .text.TIM1_UP_IRQHandler
                0x0000000008000a58       0x14 ./Core/Src/stm32wlxx_it.o
                0x0000000008000a58                TIM1_UP_IRQHandler
 .text.Reset_Handler
                0x0000000008000a6c       0x50 ./Core/Startup/startup_stm32wl55jcix.o
                0x0000000008000a6c                Reset_Handler
 .text.Default_Handler
                0x0000000008000abc        0x2 ./Core/Startup/startup_stm32wl55jcix.o
                0x0000000008000abc                RTC_Alarm_IRQHandler
                0x0000000008000abc                EXTI2_IRQHandler
                0x0000000008000abc                TIM1_CC_IRQHandler
                0x0000000008000abc                EXTI3_IRQHandler
                0x0000000008000abc                LPTIM2_IRQHandler
                0x0000000008000abc                I2C3_ER_IRQHandler
                0x0000000008000abc                LPTIM3_IRQHandler
                0x0000000008000abc                EXTI0_IRQHandler
                0x0000000008000abc                I2C2_EV_IRQHandler
                0x0000000008000abc                TAMP_STAMP_LSECSS_SSRU_IRQHandler
                0x0000000008000abc                SPI1_IRQHandler
                0x0000000008000abc                DMA2_Channel2_IRQHandler
                0x0000000008000abc                DMA1_Channel4_IRQHandler
                0x0000000008000abc                PKA_IRQHandler
                0x0000000008000abc                TIM17_IRQHandler
                0x0000000008000abc                DMA1_Channel7_IRQHandler
                0x0000000008000abc                SUBGHZSPI_IRQHandler
                0x0000000008000abc                IPCC_C1_TX_IRQHandler
                0x0000000008000abc                DMA2_Channel1_IRQHandler
                0x0000000008000abc                I2C1_EV_IRQHandler
                0x0000000008000abc                SUBGHZ_Radio_IRQHandler
                0x0000000008000abc                DMAMUX1_OVR_IRQHandler
                0x0000000008000abc                DMA1_Channel6_IRQHandler
                0x0000000008000abc                TIM16_IRQHandler
                0x0000000008000abc                DMA2_Channel4_IRQHandler
                0x0000000008000abc                RCC_IRQHandler
                0x0000000008000abc                TIM1_TRG_COM_IRQHandler
                0x0000000008000abc                DMA1_Channel1_IRQHandler
                0x0000000008000abc                Default_Handler
                0x0000000008000abc                DMA2_Channel7_IRQHandler
                0x0000000008000abc                EXTI15_10_IRQHandler
                0x0000000008000abc                IPCC_C1_RX_IRQHandler
                0x0000000008000abc                ADC_IRQHandler
                0x0000000008000abc                C2SEV_PWR_C2H_IRQHandler
                0x0000000008000abc                I2C3_EV_IRQHandler
                0x0000000008000abc                EXTI9_5_IRQHandler
                0x0000000008000abc                RTC_WKUP_IRQHandler
                0x0000000008000abc                PVD_PVM_IRQHandler
                0x0000000008000abc                SPI2_IRQHandler
                0x0000000008000abc                DMA2_Channel5_IRQHandler
                0x0000000008000abc                DMA1_Channel5_IRQHandler
                0x0000000008000abc                EXTI4_IRQHandler
                0x0000000008000abc                RNG_IRQHandler
                0x0000000008000abc                DMA1_Channel3_IRQHandler
                0x0000000008000abc                COMP_IRQHandler
                0x0000000008000abc                HSEM_IRQHandler
                0x0000000008000abc                WWDG_IRQHandler
                0x0000000008000abc                LPUART1_IRQHandler
                0x0000000008000abc                DMA2_Channel6_IRQHandler
                0x0000000008000abc                TIM2_IRQHandler
                0x0000000008000abc                TIM1_BRK_IRQHandler
                0x0000000008000abc                DAC_IRQHandler
                0x0000000008000abc                EXTI1_IRQHandler
                0x0000000008000abc                AES_IRQHandler
                0x0000000008000abc                USART2_IRQHandler
                0x0000000008000abc                I2C2_ER_IRQHandler
                0x0000000008000abc                DMA1_Channel2_IRQHandler
                0x0000000008000abc                FLASH_IRQHandler
                0x0000000008000abc                USART1_IRQHandler
                0x0000000008000abc                I2C1_ER_IRQHandler
                0x0000000008000abc                LPTIM1_IRQHandler
                0x0000000008000abc                DMA2_Channel3_IRQHandler
 *fill*         0x0000000008000abe        0x2 
 .text.HAL_Init
                0x0000000008000ac0       0x40 ./Drivers/STM32WLxx_HAL_Driver/stm32wlxx_hal.o
                0x0000000008000ac0                HAL_Init
 .text.HAL_InitTick
                0x0000000008000b00       0x74 ./Drivers/STM32WLxx_HAL_Driver/stm32wlxx_hal.o
                0x0000000008000b00                HAL_InitTick
 .text.HAL_IncTick
                0x0000000008000b74       0x24 ./Drivers/STM32WLxx_HAL_Driver/stm32wlxx_hal.o
                0x0000000008000b74                HAL_IncTick
 .text.HAL_GetTick
                0x0000000008000b98       0x14 ./Drivers/STM32WLxx_HAL_Driver/stm32wlxx_hal.o
                0x0000000008000b98                HAL_GetTick
 .text.__NVIC_SetPriorityGrouping
                0x0000000008000bac       0x48 ./Drivers/STM32WLxx_HAL_Driver/stm32wlxx_hal_cortex.o
 .text.__NVIC_GetPriorityGrouping
                0x0000000008000bf4       0x1c ./Drivers/STM32WLxx_HAL_Driver/stm32wlxx_hal_cortex.o
 .text.__NVIC_EnableIRQ
                0x0000000008000c10       0x38 ./Drivers/STM32WLxx_HAL_Driver/stm32wlxx_hal_cortex.o
 .text.__NVIC_SetPriority
                0x0000000008000c48       0x54 ./Drivers/STM32WLxx_HAL_Driver/stm32wlxx_hal_cortex.o
 .text.NVIC_EncodePriority
                0x0000000008000c9c       0x64 ./Drivers/STM32WLxx_HAL_Driver/stm32wlxx_hal_cortex.o
 .text.SysTick_Config
                0x0000000008000d00       0x44 ./Drivers/STM32WLxx_HAL_Driver/stm32wlxx_hal_cortex.o
 .text.HAL_NVIC_SetPriorityGrouping
                0x0000000008000d44       0x16 ./Drivers/STM32WLxx_HAL_Driver/stm32wlxx_hal_cortex.o
                0x0000000008000d44                HAL_NVIC_SetPriorityGrouping
 .text.HAL_NVIC_SetPriority
                0x0000000008000d5a       0x34 ./Drivers/STM32WLxx_HAL_Driver/stm32wlxx_hal_cortex.o
                0x0000000008000d5a                HAL_NVIC_SetPriority
 .text.HAL_NVIC_EnableIRQ
                0x0000000008000d8e       0x1c ./Drivers/STM32WLxx_HAL_Driver/stm32wlxx_hal_cortex.o
                0x0000000008000d8e                HAL_NVIC_EnableIRQ
 .text.HAL_SYSTICK_Config
                0x0000000008000daa       0x18 ./Drivers/STM32WLxx_HAL_Driver/stm32wlxx_hal_cortex.o
                0x0000000008000daa                HAL_SYSTICK_Config
 *fill*         0x0000000008000dc2        0x2 
 .text.HAL_GPIO_Init
                0x0000000008000dc4      0x2c0 ./Drivers/STM32WLxx_HAL_Driver/stm32wlxx_hal_gpio.o
                0x0000000008000dc4                HAL_GPIO_Init
 .text.HAL_PWR_EnableBkUpAccess
                0x0000000008001084       0x1c ./Drivers/STM32WLxx_HAL_Driver/stm32wlxx_hal_pwr.o
                0x0000000008001084                HAL_PWR_EnableBkUpAccess
 .text.LL_PWR_EnableBootC2
                0x00000000080010a0       0x1c ./Drivers/STM32WLxx_HAL_Driver/stm32wlxx_hal_pwr_ex.o
 .text.HAL_PWREx_GetVoltageRange
                0x00000000080010bc       0x18 ./Drivers/STM32WLxx_HAL_Driver/stm32wlxx_hal_pwr_ex.o
                0x00000000080010bc                HAL_PWREx_GetVoltageRange
 .text.HAL_PWREx_ReleaseCore
                0x00000000080010d4       0x14 ./Drivers/STM32WLxx_HAL_Driver/stm32wlxx_hal_pwr_ex.o
                0x00000000080010d4                HAL_PWREx_ReleaseCore
 .text.LL_PWR_IsEnabledBkUpAccess
                0x00000000080010e8       0x24 ./Drivers/STM32WLxx_HAL_Driver/stm32wlxx_hal_rcc.o
 .text.LL_RCC_HSE_EnableTcxo
                0x000000000800110c       0x1c ./Drivers/STM32WLxx_HAL_Driver/stm32wlxx_hal_rcc.o
 .text.LL_RCC_HSE_DisableTcxo
                0x0000000008001128       0x1c ./Drivers/STM32WLxx_HAL_Driver/stm32wlxx_hal_rcc.o
 .text.LL_RCC_HSE_IsEnabledDiv2
                0x0000000008001144       0x22 ./Drivers/STM32WLxx_HAL_Driver/stm32wlxx_hal_rcc.o
 .text.LL_RCC_HSE_Enable
                0x0000000008001166       0x1c ./Drivers/STM32WLxx_HAL_Driver/stm32wlxx_hal_rcc.o
 .text.LL_RCC_HSE_Disable
                0x0000000008001182       0x1c ./Drivers/STM32WLxx_HAL_Driver/stm32wlxx_hal_rcc.o
 .text.LL_RCC_HSE_IsReady
                0x000000000800119e       0x22 ./Drivers/STM32WLxx_HAL_Driver/stm32wlxx_hal_rcc.o
 .text.LL_RCC_HSI_Enable
                0x00000000080011c0       0x1c ./Drivers/STM32WLxx_HAL_Driver/stm32wlxx_hal_rcc.o
 .text.LL_RCC_HSI_Disable
                0x00000000080011dc       0x1c ./Drivers/STM32WLxx_HAL_Driver/stm32wlxx_hal_rcc.o
 .text.LL_RCC_HSI_IsReady
                0x00000000080011f8       0x22 ./Drivers/STM32WLxx_HAL_Driver/stm32wlxx_hal_rcc.o
 .text.LL_RCC_HSI_SetCalibTrimming
                0x000000000800121a       0x28 ./Drivers/STM32WLxx_HAL_Driver/stm32wlxx_hal_rcc.o
 .text.LL_RCC_LSE_IsReady
                0x0000000008001242       0x22 ./Drivers/STM32WLxx_HAL_Driver/stm32wlxx_hal_rcc.o
 .text.LL_RCC_LSI_Enable
                0x0000000008001264       0x20 ./Drivers/STM32WLxx_HAL_Driver/stm32wlxx_hal_rcc.o
 .text.LL_RCC_LSI_Disable
                0x0000000008001284       0x20 ./Drivers/STM32WLxx_HAL_Driver/stm32wlxx_hal_rcc.o
 .text.LL_RCC_LSI_IsReady
                0x00000000080012a4       0x22 ./Drivers/STM32WLxx_HAL_Driver/stm32wlxx_hal_rcc.o
 .text.LL_RCC_MSI_Enable
                0x00000000080012c6       0x1c ./Drivers/STM32WLxx_HAL_Driver/stm32wlxx_hal_rcc.o
 .text.LL_RCC_MSI_Disable
                0x00000000080012e2       0x1c ./Drivers/STM32WLxx_HAL_Driver/stm32wlxx_hal_rcc.o
 .text.LL_RCC_MSI_IsReady
                0x00000000080012fe       0x20 ./Drivers/STM32WLxx_HAL_Driver/stm32wlxx_hal_rcc.o
 .text.LL_RCC_MSI_IsEnabledRangeSelect
                0x000000000800131e       0x20 ./Drivers/STM32WLxx_HAL_Driver/stm32wlxx_hal_rcc.o
 .text.LL_RCC_MSI_GetRange
                0x000000000800133e       0x16 ./Drivers/STM32WLxx_HAL_Driver/stm32wlxx_hal_rcc.o
 .text.LL_RCC_MSI_GetRangeAfterStandby
                0x0000000008001354       0x18 ./Drivers/STM32WLxx_HAL_Driver/stm32wlxx_hal_rcc.o
 .text.LL_RCC_MSI_SetCalibTrimming
                0x000000000800136c       0x28 ./Drivers/STM32WLxx_HAL_Driver/stm32wlxx_hal_rcc.o
 .text.LL_RCC_SetSysClkSource
                0x0000000008001394       0x26 ./Drivers/STM32WLxx_HAL_Driver/stm32wlxx_hal_rcc.o
 .text.LL_RCC_GetSysClkSource
                0x00000000080013ba       0x16 ./Drivers/STM32WLxx_HAL_Driver/stm32wlxx_hal_rcc.o
 .text.LL_RCC_SetAHBPrescaler
                0x00000000080013d0       0x26 ./Drivers/STM32WLxx_HAL_Driver/stm32wlxx_hal_rcc.o
 .text.LL_C2_RCC_SetAHBPrescaler
                0x00000000080013f6       0x2a ./Drivers/STM32WLxx_HAL_Driver/stm32wlxx_hal_rcc.o
 .text.LL_RCC_SetAHB3Prescaler
                0x0000000008001420       0x2c ./Drivers/STM32WLxx_HAL_Driver/stm32wlxx_hal_rcc.o
 .text.LL_RCC_SetAPB1Prescaler
                0x000000000800144c       0x26 ./Drivers/STM32WLxx_HAL_Driver/stm32wlxx_hal_rcc.o
 .text.LL_RCC_SetAPB2Prescaler
                0x0000000008001472       0x26 ./Drivers/STM32WLxx_HAL_Driver/stm32wlxx_hal_rcc.o
 .text.LL_RCC_GetAHBPrescaler
                0x0000000008001498       0x16 ./Drivers/STM32WLxx_HAL_Driver/stm32wlxx_hal_rcc.o
 .text.LL_RCC_GetAHB3Prescaler
                0x00000000080014ae       0x1a ./Drivers/STM32WLxx_HAL_Driver/stm32wlxx_hal_rcc.o
 .text.LL_RCC_GetAPB1Prescaler
                0x00000000080014c8       0x16 ./Drivers/STM32WLxx_HAL_Driver/stm32wlxx_hal_rcc.o
 .text.LL_RCC_GetAPB2Prescaler
                0x00000000080014de       0x16 ./Drivers/STM32WLxx_HAL_Driver/stm32wlxx_hal_rcc.o
 .text.LL_RCC_PLL_Enable
                0x00000000080014f4       0x1c ./Drivers/STM32WLxx_HAL_Driver/stm32wlxx_hal_rcc.o
 .text.LL_RCC_PLL_Disable
                0x0000000008001510       0x1c ./Drivers/STM32WLxx_HAL_Driver/stm32wlxx_hal_rcc.o
 .text.LL_RCC_PLL_IsReady
                0x000000000800152c       0x22 ./Drivers/STM32WLxx_HAL_Driver/stm32wlxx_hal_rcc.o
 .text.LL_RCC_PLL_GetN
                0x000000000800154e       0x18 ./Drivers/STM32WLxx_HAL_Driver/stm32wlxx_hal_rcc.o
 .text.LL_RCC_PLL_GetR
                0x0000000008001566       0x16 ./Drivers/STM32WLxx_HAL_Driver/stm32wlxx_hal_rcc.o
 .text.LL_RCC_PLL_GetDivider
                0x000000000800157c       0x16 ./Drivers/STM32WLxx_HAL_Driver/stm32wlxx_hal_rcc.o
 .text.LL_RCC_PLL_GetMainSource
                0x0000000008001592       0x16 ./Drivers/STM32WLxx_HAL_Driver/stm32wlxx_hal_rcc.o
 .text.LL_RCC_IsActiveFlag_HPRE
                0x00000000080015a8       0x22 ./Drivers/STM32WLxx_HAL_Driver/stm32wlxx_hal_rcc.o
 .text.LL_RCC_IsActiveFlag_C2HPRE
                0x00000000080015ca       0x24 ./Drivers/STM32WLxx_HAL_Driver/stm32wlxx_hal_rcc.o
 .text.LL_RCC_IsActiveFlag_SHDHPRE
                0x00000000080015ee       0x24 ./Drivers/STM32WLxx_HAL_Driver/stm32wlxx_hal_rcc.o
 .text.LL_RCC_IsActiveFlag_PPRE1
                0x0000000008001612       0x22 ./Drivers/STM32WLxx_HAL_Driver/stm32wlxx_hal_rcc.o
 .text.LL_RCC_IsActiveFlag_PPRE2
                0x0000000008001634       0x22 ./Drivers/STM32WLxx_HAL_Driver/stm32wlxx_hal_rcc.o
 *fill*         0x0000000008001656        0x2 
 .text.HAL_RCC_OscConfig
                0x0000000008001658      0x704 ./Drivers/STM32WLxx_HAL_Driver/stm32wlxx_hal_rcc.o
                0x0000000008001658                HAL_RCC_OscConfig
 .text.HAL_RCC_ClockConfig
                0x0000000008001d5c      0x284 ./Drivers/STM32WLxx_HAL_Driver/stm32wlxx_hal_rcc.o
                0x0000000008001d5c                HAL_RCC_ClockConfig
 .text.HAL_RCC_GetSysClockFreq
                0x0000000008001fe0      0x140 ./Drivers/STM32WLxx_HAL_Driver/stm32wlxx_hal_rcc.o
                0x0000000008001fe0                HAL_RCC_GetSysClockFreq
 .text.HAL_RCC_GetHCLKFreq
                0x0000000008002120       0x28 ./Drivers/STM32WLxx_HAL_Driver/stm32wlxx_hal_rcc.o
                0x0000000008002120                HAL_RCC_GetHCLKFreq
 .text.HAL_RCC_GetPCLK1Freq
                0x0000000008002148       0x24 ./Drivers/STM32WLxx_HAL_Driver/stm32wlxx_hal_rcc.o
                0x0000000008002148                HAL_RCC_GetPCLK1Freq
 .text.HAL_RCC_GetPCLK2Freq
                0x000000000800216c       0x24 ./Drivers/STM32WLxx_HAL_Driver/stm32wlxx_hal_rcc.o
                0x000000000800216c                HAL_RCC_GetPCLK2Freq
 .text.RCC_SetFlashLatencyFromMSIRange
                0x0000000008002190       0x60 ./Drivers/STM32WLxx_HAL_Driver/stm32wlxx_hal_rcc.o
 .text.RCC_SetFlashLatency
                0x00000000080021f0      0x104 ./Drivers/STM32WLxx_HAL_Driver/stm32wlxx_hal_rcc.o
 .text.LL_RCC_LSE_IsReady
                0x00000000080022f4       0x22 ./Drivers/STM32WLxx_HAL_Driver/stm32wlxx_hal_rcc_ex.o
 .text.LL_RCC_SetUSARTClockSource
                0x0000000008002316       0x30 ./Drivers/STM32WLxx_HAL_Driver/stm32wlxx_hal_rcc_ex.o
 .text.LL_RCC_SetI2SClockSource
                0x0000000008002346       0x2a ./Drivers/STM32WLxx_HAL_Driver/stm32wlxx_hal_rcc_ex.o
 .text.LL_RCC_SetLPUARTClockSource
                0x0000000008002370       0x2a ./Drivers/STM32WLxx_HAL_Driver/stm32wlxx_hal_rcc_ex.o
 .text.LL_RCC_SetI2CClockSource
                0x000000000800239a       0x38 ./Drivers/STM32WLxx_HAL_Driver/stm32wlxx_hal_rcc_ex.o
 .text.LL_RCC_SetLPTIMClockSource
                0x00000000080023d2       0x32 ./Drivers/STM32WLxx_HAL_Driver/stm32wlxx_hal_rcc_ex.o
 .text.LL_RCC_SetRNGClockSource
                0x0000000008002404       0x2a ./Drivers/STM32WLxx_HAL_Driver/stm32wlxx_hal_rcc_ex.o
 .text.LL_RCC_SetADCClockSource
                0x000000000800242e       0x2a ./Drivers/STM32WLxx_HAL_Driver/stm32wlxx_hal_rcc_ex.o
 .text.LL_RCC_SetRTCClockSource
                0x0000000008002458       0x2a ./Drivers/STM32WLxx_HAL_Driver/stm32wlxx_hal_rcc_ex.o
 .text.LL_RCC_GetRTCClockSource
                0x0000000008002482       0x18 ./Drivers/STM32WLxx_HAL_Driver/stm32wlxx_hal_rcc_ex.o
 .text.LL_RCC_ForceBackupDomainReset
                0x000000000800249a       0x20 ./Drivers/STM32WLxx_HAL_Driver/stm32wlxx_hal_rcc_ex.o
 .text.LL_RCC_ReleaseBackupDomainReset
                0x00000000080024ba       0x20 ./Drivers/STM32WLxx_HAL_Driver/stm32wlxx_hal_rcc_ex.o
 *fill*         0x00000000080024da        0x2 
 .text.HAL_RCCEx_PeriphCLKConfig
                0x00000000080024dc      0x234 ./Drivers/STM32WLxx_HAL_Driver/stm32wlxx_hal_rcc_ex.o
                0x00000000080024dc                HAL_RCCEx_PeriphCLKConfig
 .text.HAL_TIM_Base_Init
                0x0000000008002710       0xae ./Drivers/STM32WLxx_HAL_Driver/stm32wlxx_hal_tim.o
                0x0000000008002710                HAL_TIM_Base_Init
 *fill*         0x00000000080027be        0x2 
 .text.HAL_TIM_Base_Start_IT
                0x00000000080027c0       0x98 ./Drivers/STM32WLxx_HAL_Driver/stm32wlxx_hal_tim.o
                0x00000000080027c0                HAL_TIM_Base_Start_IT
 .text.HAL_TIM_PWM_Init
                0x0000000008002858       0xae ./Drivers/STM32WLxx_HAL_Driver/stm32wlxx_hal_tim.o
                0x0000000008002858                HAL_TIM_PWM_Init
 .text.HAL_TIM_PWM_MspInit
                0x0000000008002906       0x12 ./Drivers/STM32WLxx_HAL_Driver/stm32wlxx_hal_tim.o
                0x0000000008002906                HAL_TIM_PWM_MspInit
 .text.HAL_TIM_PWM_Start
                0x0000000008002918      0x1b4 ./Drivers/STM32WLxx_HAL_Driver/stm32wlxx_hal_tim.o
                0x0000000008002918                HAL_TIM_PWM_Start
 .text.HAL_TIM_IRQHandler
                0x0000000008002acc      0x23e ./Drivers/STM32WLxx_HAL_Driver/stm32wlxx_hal_tim.o
                0x0000000008002acc                HAL_TIM_IRQHandler
 *fill*         0x0000000008002d0a        0x2 
 .text.HAL_TIM_PWM_ConfigChannel
                0x0000000008002d0c      0x228 ./Drivers/STM32WLxx_HAL_Driver/stm32wlxx_hal_tim.o
                0x0000000008002d0c                HAL_TIM_PWM_ConfigChannel
 .text.HAL_TIM_ConfigClockSource
                0x0000000008002f34      0x192 ./Drivers/STM32WLxx_HAL_Driver/stm32wlxx_hal_tim.o
                0x0000000008002f34                HAL_TIM_ConfigClockSource
 .text.HAL_TIM_OC_DelayElapsedCallback
                0x00000000080030c6       0x12 ./Drivers/STM32WLxx_HAL_Driver/stm32wlxx_hal_tim.o
                0x00000000080030c6                HAL_TIM_OC_DelayElapsedCallback
 .text.HAL_TIM_IC_CaptureCallback
                0x00000000080030d8       0x12 ./Drivers/STM32WLxx_HAL_Driver/stm32wlxx_hal_tim.o
                0x00000000080030d8                HAL_TIM_IC_CaptureCallback
 .text.HAL_TIM_PWM_PulseFinishedCallback
                0x00000000080030ea       0x12 ./Drivers/STM32WLxx_HAL_Driver/stm32wlxx_hal_tim.o
                0x00000000080030ea                HAL_TIM_PWM_PulseFinishedCallback
 .text.HAL_TIM_TriggerCallback
                0x00000000080030fc       0x12 ./Drivers/STM32WLxx_HAL_Driver/stm32wlxx_hal_tim.o
                0x00000000080030fc                HAL_TIM_TriggerCallback
 *fill*         0x000000000800310e        0x2 
 .text.TIM_Base_SetConfig
                0x0000000008003110       0xc4 ./Drivers/STM32WLxx_HAL_Driver/stm32wlxx_hal_tim.o
                0x0000000008003110                TIM_Base_SetConfig
 .text.TIM_OC1_SetConfig
                0x00000000080031d4       0xf8 ./Drivers/STM32WLxx_HAL_Driver/stm32wlxx_hal_tim.o
 .text.TIM_OC2_SetConfig
                0x00000000080032cc       0xf0 ./Drivers/STM32WLxx_HAL_Driver/stm32wlxx_hal_tim.o
                0x00000000080032cc                TIM_OC2_SetConfig
 .text.TIM_OC3_SetConfig
                0x00000000080033bc       0xf0 ./Drivers/STM32WLxx_HAL_Driver/stm32wlxx_hal_tim.o
 .text.TIM_OC4_SetConfig
                0x00000000080034ac       0xb8 ./Drivers/STM32WLxx_HAL_Driver/stm32wlxx_hal_tim.o
 .text.TIM_OC5_SetConfig
                0x0000000008003564       0xb0 ./Drivers/STM32WLxx_HAL_Driver/stm32wlxx_hal_tim.o
 .text.TIM_OC6_SetConfig
                0x0000000008003614       0xb0 ./Drivers/STM32WLxx_HAL_Driver/stm32wlxx_hal_tim.o
 .text.TIM_TI1_ConfigInputStage
                0x00000000080036c4       0x5c ./Drivers/STM32WLxx_HAL_Driver/stm32wlxx_hal_tim.o
 .text.TIM_TI2_ConfigInputStage
                0x0000000008003720       0x5e ./Drivers/STM32WLxx_HAL_Driver/stm32wlxx_hal_tim.o
 .text.TIM_ITRx_SetConfig
                0x000000000800377e       0x38 ./Drivers/STM32WLxx_HAL_Driver/stm32wlxx_hal_tim.o
 .text.TIM_ETR_SetConfig
                0x00000000080037b6       0x3e ./Drivers/STM32WLxx_HAL_Driver/stm32wlxx_hal_tim.o
                0x00000000080037b6                TIM_ETR_SetConfig
 .text.TIM_CCxChannelCmd
                0x00000000080037f4       0x48 ./Drivers/STM32WLxx_HAL_Driver/stm32wlxx_hal_tim.o
                0x00000000080037f4                TIM_CCxChannelCmd
 .text.HAL_TIMEx_MasterConfigSynchronization
                0x000000000800383c       0xbc ./Drivers/STM32WLxx_HAL_Driver/stm32wlxx_hal_tim_ex.o
                0x000000000800383c                HAL_TIMEx_MasterConfigSynchronization
 .text.HAL_TIMEx_ConfigBreakDeadTime
                0x00000000080038f8      0x11c ./Drivers/STM32WLxx_HAL_Driver/stm32wlxx_hal_tim_ex.o
                0x00000000080038f8                HAL_TIMEx_ConfigBreakDeadTime
 .text.HAL_TIMEx_CommutCallback
                0x0000000008003a14       0x12 ./Drivers/STM32WLxx_HAL_Driver/stm32wlxx_hal_tim_ex.o
                0x0000000008003a14                HAL_TIMEx_CommutCallback
 .text.HAL_TIMEx_BreakCallback
                0x0000000008003a26       0x12 ./Drivers/STM32WLxx_HAL_Driver/stm32wlxx_hal_tim_ex.o
                0x0000000008003a26                HAL_TIMEx_BreakCallback
 .text.HAL_TIMEx_Break2Callback
                0x0000000008003a38       0x12 ./Drivers/STM32WLxx_HAL_Driver/stm32wlxx_hal_tim_ex.o
                0x0000000008003a38                HAL_TIMEx_Break2Callback
 .text.LL_RCC_GetUSARTClockSource
                0x0000000008003a4a       0x24 ./Drivers/STM32WLxx_HAL_Driver/stm32wlxx_hal_uart.o
 .text.LL_RCC_GetLPUARTClockSource
                0x0000000008003a6e       0x1e ./Drivers/STM32WLxx_HAL_Driver/stm32wlxx_hal_uart.o
 .text.HAL_UART_Init
                0x0000000008003a8c       0xa0 ./Drivers/STM32WLxx_HAL_Driver/stm32wlxx_hal_uart.o
                0x0000000008003a8c                HAL_UART_Init
 .text.UART_SetConfig
                0x0000000008003b2c      0x4e8 ./Drivers/STM32WLxx_HAL_Driver/stm32wlxx_hal_uart.o
                0x0000000008003b2c                UART_SetConfig
 .text.UART_AdvFeatureConfig
                0x0000000008004014      0x142 ./Drivers/STM32WLxx_HAL_Driver/stm32wlxx_hal_uart.o
                0x0000000008004014                UART_AdvFeatureConfig
 .text.UART_CheckIdleState
                0x0000000008004156       0x9c ./Drivers/STM32WLxx_HAL_Driver/stm32wlxx_hal_uart.o
                0x0000000008004156                UART_CheckIdleState
 .text.UART_WaitOnFlagUntilTimeout
                0x00000000080041f2      0x190 ./Drivers/STM32WLxx_HAL_Driver/stm32wlxx_hal_uart.o
                0x00000000080041f2                UART_WaitOnFlagUntilTimeout
 .text.HAL_UARTEx_DisableFifoMode
                0x0000000008004382       0x70 ./Drivers/STM32WLxx_HAL_Driver/stm32wlxx_hal_uart_ex.o
                0x0000000008004382                HAL_UARTEx_DisableFifoMode
 .text.HAL_UARTEx_SetTxFifoThreshold
                0x00000000080043f2       0x7c ./Drivers/STM32WLxx_HAL_Driver/stm32wlxx_hal_uart_ex.o
                0x00000000080043f2                HAL_UARTEx_SetTxFifoThreshold
 .text.HAL_UARTEx_SetRxFifoThreshold
                0x000000000800446e       0x7c ./Drivers/STM32WLxx_HAL_Driver/stm32wlxx_hal_uart_ex.o
                0x000000000800446e                HAL_UARTEx_SetRxFifoThreshold
 *fill*         0x00000000080044ea        0x2 
 .text.UARTEx_SetNbDataToProcess
                0x00000000080044ec       0x98 ./Drivers/STM32WLxx_HAL_Driver/stm32wlxx_hal_uart_ex.o
 .text.__libc_init_array
                0x0000000008004584       0x48 c:/st/stm32cubeide_1.11.2/stm32cubeide/plugins/com.st.stm32cube.ide.mcu.externaltools.gnu-tools-for-stm32.10.3-2021.10.win32_1.0.100.202210260954/tools/bin/../lib/gcc/arm-none-eabi/10.3.1/../../../../arm-none-eabi/lib/thumb/v7e-m/nofp\libc_nano.a(lib_a-init.o)
                0x0000000008004584                __libc_init_array
 .text.memset   0x00000000080045cc       0x10 c:/st/stm32cubeide_1.11.2/stm32cubeide/plugins/com.st.stm32cube.ide.mcu.externaltools.gnu-tools-for-stm32.10.3-2021.10.win32_1.0.100.202210260954/tools/bin/../lib/gcc/arm-none-eabi/10.3.1/../../../../arm-none-eabi/lib/thumb/v7e-m/nofp\libc_nano.a(lib_a-memset.o)
                0x00000000080045cc                memset
 *(.glue_7)
 .glue_7        0x00000000080045dc        0x0 linker stubs
 *(.glue_7t)
 .glue_7t       0x00000000080045dc        0x0 linker stubs
 *(.eh_frame)
 .eh_frame      0x00000000080045dc        0x0 c:/st/stm32cubeide_1.11.2/stm32cubeide/plugins/com.st.stm32cube.ide.mcu.externaltools.gnu-tools-for-stm32.10.3-2021.10.win32_1.0.100.202210260954/tools/bin/../lib/gcc/arm-none-eabi/10.3.1/thumb/v7e-m/nofp/crtbegin.o
 *(.init)
 .init          0x00000000080045dc        0x4 c:/st/stm32cubeide_1.11.2/stm32cubeide/plugins/com.st.stm32cube.ide.mcu.externaltools.gnu-tools-for-stm32.10.3-2021.10.win32_1.0.100.202210260954/tools/bin/../lib/gcc/arm-none-eabi/10.3.1/thumb/v7e-m/nofp/crti.o
                0x00000000080045dc                _init
 .init          0x00000000080045e0        0x8 c:/st/stm32cubeide_1.11.2/stm32cubeide/plugins/com.st.stm32cube.ide.mcu.externaltools.gnu-tools-for-stm32.10.3-2021.10.win32_1.0.100.202210260954/tools/bin/../lib/gcc/arm-none-eabi/10.3.1/thumb/v7e-m/nofp/crtn.o
 *(.fini)
 .fini          0x00000000080045e8        0x4 c:/st/stm32cubeide_1.11.2/stm32cubeide/plugins/com.st.stm32cube.ide.mcu.externaltools.gnu-tools-for-stm32.10.3-2021.10.win32_1.0.100.202210260954/tools/bin/../lib/gcc/arm-none-eabi/10.3.1/thumb/v7e-m/nofp/crti.o
                0x00000000080045e8                _fini
 .fini          0x00000000080045ec        0x8 c:/st/stm32cubeide_1.11.2/stm32cubeide/plugins/com.st.stm32cube.ide.mcu.externaltools.gnu-tools-for-stm32.10.3-2021.10.win32_1.0.100.202210260954/tools/bin/../lib/gcc/arm-none-eabi/10.3.1/thumb/v7e-m/nofp/crtn.o
                0x00000000080045f4                . = ALIGN (0x4)
                0x00000000080045f4                _etext = .

.vfp11_veneer   0x00000000080045f4        0x0
 .vfp11_veneer  0x00000000080045f4        0x0 linker stubs

.v4_bx          0x00000000080045f4        0x0
 .v4_bx         0x00000000080045f4        0x0 linker stubs

.iplt           0x00000000080045f4        0x0
 .iplt          0x00000000080045f4        0x0 c:/st/stm32cubeide_1.11.2/stm32cubeide/plugins/com.st.stm32cube.ide.mcu.externaltools.gnu-tools-for-stm32.10.3-2021.10.win32_1.0.100.202210260954/tools/bin/../lib/gcc/arm-none-eabi/10.3.1/thumb/v7e-m/nofp/crtbegin.o

.rodata         0x00000000080045f4       0xe4
                0x00000000080045f4                . = ALIGN (0x4)
 *(.rodata)
 .rodata        0x00000000080045f4       0x1c ./Drivers/STM32WLxx_HAL_Driver/stm32wlxx_hal_rcc.o
 *(.rodata*)
 .rodata.AHBPrescTable
                0x0000000008004610       0x40 ./Common/System/system_stm32wlxx.o
                0x0000000008004610                AHBPrescTable
 .rodata.APBPrescTable
                0x0000000008004650       0x20 ./Common/System/system_stm32wlxx.o
                0x0000000008004650                APBPrescTable
 .rodata.MSIRangeTable
                0x0000000008004670       0x40 ./Common/System/system_stm32wlxx.o
                0x0000000008004670                MSIRangeTable
 .rodata.UARTPrescTable
                0x00000000080046b0       0x18 ./Drivers/STM32WLxx_HAL_Driver/stm32wlxx_hal_uart.o
                0x00000000080046b0                UARTPrescTable
 .rodata.numerator.1
                0x00000000080046c8        0x8 ./Drivers/STM32WLxx_HAL_Driver/stm32wlxx_hal_uart_ex.o
 .rodata.denominator.0
                0x00000000080046d0        0x8 ./Drivers/STM32WLxx_HAL_Driver/stm32wlxx_hal_uart_ex.o
                0x00000000080046d8                . = ALIGN (0x4)

.ARM.extab      0x00000000080046d8        0x0
                0x00000000080046d8                . = ALIGN (0x4)
 *(.ARM.extab* .gnu.linkonce.armextab.*)
                0x00000000080046d8                . = ALIGN (0x4)

.ARM            0x00000000080046d8        0x8
                0x00000000080046d8                . = ALIGN (0x4)
                0x00000000080046d8                __exidx_start = .
 *(.ARM.exidx*)
 .ARM.exidx     0x00000000080046d8        0x8 c:/st/stm32cubeide_1.11.2/stm32cubeide/plugins/com.st.stm32cube.ide.mcu.externaltools.gnu-tools-for-stm32.10.3-2021.10.win32_1.0.100.202210260954/tools/bin/../lib/gcc/arm-none-eabi/10.3.1/thumb/v7e-m/nofp\libgcc.a(_udivmoddi4.o)
                0x00000000080046e0                __exidx_end = .
                0x00000000080046e0                . = ALIGN (0x4)

.rel.dyn        0x00000000080046e0        0x0
 .rel.iplt      0x00000000080046e0        0x0 c:/st/stm32cubeide_1.11.2/stm32cubeide/plugins/com.st.stm32cube.ide.mcu.externaltools.gnu-tools-for-stm32.10.3-2021.10.win32_1.0.100.202210260954/tools/bin/../lib/gcc/arm-none-eabi/10.3.1/thumb/v7e-m/nofp/crtbegin.o

.preinit_array  0x00000000080046e0        0x0
                0x00000000080046e0                . = ALIGN (0x4)
                0x00000000080046e0                PROVIDE (__preinit_array_start = .)
 *(.preinit_array*)
                0x00000000080046e0                PROVIDE (__preinit_array_end = .)
                0x00000000080046e0                . = ALIGN (0x4)

.init_array     0x00000000080046e0        0x4
                0x00000000080046e0                . = ALIGN (0x4)
                0x00000000080046e0                PROVIDE (__init_array_start = .)
 *(SORT_BY_NAME(.init_array.*))
 *(.init_array*)
 .init_array    0x00000000080046e0        0x4 c:/st/stm32cubeide_1.11.2/stm32cubeide/plugins/com.st.stm32cube.ide.mcu.externaltools.gnu-tools-for-stm32.10.3-2021.10.win32_1.0.100.202210260954/tools/bin/../lib/gcc/arm-none-eabi/10.3.1/thumb/v7e-m/nofp/crtbegin.o
                0x00000000080046e4                PROVIDE (__init_array_end = .)
                0x00000000080046e4                . = ALIGN (0x4)

.fini_array     0x00000000080046e4        0x4
                0x00000000080046e4                . = ALIGN (0x4)
                [!provide]                        PROVIDE (__fini_array_start = .)
 *(SORT_BY_NAME(.fini_array.*))
 *(.fini_array*)
 .fini_array    0x00000000080046e4        0x4 c:/st/stm32cubeide_1.11.2/stm32cubeide/plugins/com.st.stm32cube.ide.mcu.externaltools.gnu-tools-for-stm32.10.3-2021.10.win32_1.0.100.202210260954/tools/bin/../lib/gcc/arm-none-eabi/10.3.1/thumb/v7e-m/nofp/crtbegin.o
                [!provide]                        PROVIDE (__fini_array_end = .)
                0x00000000080046e8                . = ALIGN (0x4)
                0x00000000080046e8                _sidata = LOADADDR (.data)

.data           0x0000000020000000     0x1a1c load address 0x00000000080046e8
                0x0000000020000000                . = ALIGN (0x4)
                0x0000000020000000                _sdata = .
 *(.data)
 *(.data*)
 .data.SystemCoreClock
                0x0000000020000000        0x4 ./Common/System/system_stm32wlxx.o
                0x0000000020000000                SystemCoreClock
 .data.vetor    0x0000000020000004     0x1a0c ./Core/Src/main.o
                0x0000000020000004                vetor
 .data.index    0x0000000020001a10        0x4 ./Core/Src/main.o
                0x0000000020001a10                index
 .data.uwTickPrio
                0x0000000020001a14        0x4 ./Drivers/STM32WLxx_HAL_Driver/stm32wlxx_hal.o
                0x0000000020001a14                uwTickPrio
 .data.uwTickFreq
                0x0000000020001a18        0x1 ./Drivers/STM32WLxx_HAL_Driver/stm32wlxx_hal.o
                0x0000000020001a18                uwTickFreq
 *(.RamFunc)
 *(.RamFunc*)
                0x0000000020001a1c                . = ALIGN (0x4)
 *fill*         0x0000000020001a19        0x3 
                0x0000000020001a1c                _edata = .

.igot.plt       0x0000000020001a1c        0x0 load address 0x0000000008006104
 .igot.plt      0x0000000020001a1c        0x0 c:/st/stm32cubeide_1.11.2/stm32cubeide/plugins/com.st.stm32cube.ide.mcu.externaltools.gnu-tools-for-stm32.10.3-2021.10.win32_1.0.100.202210260954/tools/bin/../lib/gcc/arm-none-eabi/10.3.1/thumb/v7e-m/nofp/crtbegin.o
                0x0000000020001a1c                . = ALIGN (0x4)

.bss            0x0000000020001a1c      0x100 load address 0x0000000008006104
                0x0000000020001a1c                _sbss = .
                0x0000000020001a1c                __bss_start__ = _sbss
 *(.bss)
 .bss           0x0000000020001a1c       0x1c c:/st/stm32cubeide_1.11.2/stm32cubeide/plugins/com.st.stm32cube.ide.mcu.externaltools.gnu-tools-for-stm32.10.3-2021.10.win32_1.0.100.202210260954/tools/bin/../lib/gcc/arm-none-eabi/10.3.1/thumb/v7e-m/nofp/crtbegin.o
 *(.bss*)
 .bss.htim1     0x0000000020001a38       0x4c ./Core/Src/main.o
                0x0000000020001a38                htim1
 .bss.huart2    0x0000000020001a84       0x94 ./Core/Src/main.o
                0x0000000020001a84                huart2
 .bss.uwTick    0x0000000020001b18        0x4 ./Drivers/STM32WLxx_HAL_Driver/stm32wlxx_hal.o
                0x0000000020001b18                uwTick
 *(COMMON)
                0x0000000020001b1c                . = ALIGN (0x4)
                0x0000000020001b1c                _ebss = .
                0x0000000020001b1c                __bss_end__ = _ebss

._user_heap_stack
                0x0000000020001b1c      0x604 load address 0x0000000008006104
                0x0000000020001b20                . = ALIGN (0x8)
 *fill*         0x0000000020001b1c        0x4 
                [!provide]                        PROVIDE (end = .)
                0x0000000020001b20                PROVIDE (_end = .)
                0x0000000020001d20                . = (. + _Min_Heap_Size)
 *fill*         0x0000000020001b20      0x200 
                0x0000000020002120                . = (. + _Min_Stack_Size)
 *fill*         0x0000000020001d20      0x400 
                0x0000000020002120                . = ALIGN (0x8)

/DISCARD/
 libc.a(*)
 libm.a(*)
 libgcc.a(*)

.ARM.attributes
                0x0000000000000000       0x2a
 *(.ARM.attributes)
 .ARM.attributes
                0x0000000000000000       0x1e c:/st/stm32cubeide_1.11.2/stm32cubeide/plugins/com.st.stm32cube.ide.mcu.externaltools.gnu-tools-for-stm32.10.3-2021.10.win32_1.0.100.202210260954/tools/bin/../lib/gcc/arm-none-eabi/10.3.1/thumb/v7e-m/nofp/crti.o
 .ARM.attributes
                0x000000000000001e       0x2e c:/st/stm32cubeide_1.11.2/stm32cubeide/plugins/com.st.stm32cube.ide.mcu.externaltools.gnu-tools-for-stm32.10.3-2021.10.win32_1.0.100.202210260954/tools/bin/../lib/gcc/arm-none-eabi/10.3.1/thumb/v7e-m/nofp/crtbegin.o
 .ARM.attributes
                0x000000000000004c       0x2e ./Common/System/system_stm32wlxx.o
 .ARM.attributes
                0x000000000000007a       0x2e ./Core/Src/main.o
 .ARM.attributes
                0x00000000000000a8       0x2e ./Core/Src/stm32wlxx_hal_msp.o
 .ARM.attributes
                0x00000000000000d6       0x2e ./Core/Src/stm32wlxx_it.o
 .ARM.attributes
                0x0000000000000104       0x21 ./Core/Startup/startup_stm32wl55jcix.o
 .ARM.attributes
                0x0000000000000125       0x2e ./Drivers/STM32WLxx_HAL_Driver/stm32wlxx_hal.o
 .ARM.attributes
                0x0000000000000153       0x2e ./Drivers/STM32WLxx_HAL_Driver/stm32wlxx_hal_cortex.o
 .ARM.attributes
                0x0000000000000181       0x2e ./Drivers/STM32WLxx_HAL_Driver/stm32wlxx_hal_gpio.o
 .ARM.attributes
                0x00000000000001af       0x2e ./Drivers/STM32WLxx_HAL_Driver/stm32wlxx_hal_pwr.o
 .ARM.attributes
                0x00000000000001dd       0x2e ./Drivers/STM32WLxx_HAL_Driver/stm32wlxx_hal_pwr_ex.o
 .ARM.attributes
                0x000000000000020b       0x2e ./Drivers/STM32WLxx_HAL_Driver/stm32wlxx_hal_rcc.o
 .ARM.attributes
                0x0000000000000239       0x2e ./Drivers/STM32WLxx_HAL_Driver/stm32wlxx_hal_rcc_ex.o
 .ARM.attributes
                0x0000000000000267       0x2e ./Drivers/STM32WLxx_HAL_Driver/stm32wlxx_hal_tim.o
 .ARM.attributes
                0x0000000000000295       0x2e ./Drivers/STM32WLxx_HAL_Driver/stm32wlxx_hal_tim_ex.o
 .ARM.attributes
                0x00000000000002c3       0x2e ./Drivers/STM32WLxx_HAL_Driver/stm32wlxx_hal_uart.o
 .ARM.attributes
                0x00000000000002f1       0x2e ./Drivers/STM32WLxx_HAL_Driver/stm32wlxx_hal_uart_ex.o
 .ARM.attributes
                0x000000000000031f       0x2e c:/st/stm32cubeide_1.11.2/stm32cubeide/plugins/com.st.stm32cube.ide.mcu.externaltools.gnu-tools-for-stm32.10.3-2021.10.win32_1.0.100.202210260954/tools/bin/../lib/gcc/arm-none-eabi/10.3.1/../../../../arm-none-eabi/lib/thumb/v7e-m/nofp\libc_nano.a(lib_a-init.o)
 .ARM.attributes
                0x000000000000034d       0x2e c:/st/stm32cubeide_1.11.2/stm32cubeide/plugins/com.st.stm32cube.ide.mcu.externaltools.gnu-tools-for-stm32.10.3-2021.10.win32_1.0.100.202210260954/tools/bin/../lib/gcc/arm-none-eabi/10.3.1/../../../../arm-none-eabi/lib/thumb/v7e-m/nofp\libc_nano.a(lib_a-memset.o)
 .ARM.attributes
                0x000000000000037b       0x1e c:/st/stm32cubeide_1.11.2/stm32cubeide/plugins/com.st.stm32cube.ide.mcu.externaltools.gnu-tools-for-stm32.10.3-2021.10.win32_1.0.100.202210260954/tools/bin/../lib/gcc/arm-none-eabi/10.3.1/thumb/v7e-m/nofp\libgcc.a(_aeabi_uldivmod.o)
 .ARM.attributes
                0x0000000000000399       0x2e c:/st/stm32cubeide_1.11.2/stm32cubeide/plugins/com.st.stm32cube.ide.mcu.externaltools.gnu-tools-for-stm32.10.3-2021.10.win32_1.0.100.202210260954/tools/bin/../lib/gcc/arm-none-eabi/10.3.1/thumb/v7e-m/nofp\libgcc.a(_udivmoddi4.o)
 .ARM.attributes
                0x00000000000003c7       0x1e c:/st/stm32cubeide_1.11.2/stm32cubeide/plugins/com.st.stm32cube.ide.mcu.externaltools.gnu-tools-for-stm32.10.3-2021.10.win32_1.0.100.202210260954/tools/bin/../lib/gcc/arm-none-eabi/10.3.1/thumb/v7e-m/nofp\libgcc.a(_dvmd_tls.o)
 .ARM.attributes
                0x00000000000003e5       0x1e c:/st/stm32cubeide_1.11.2/stm32cubeide/plugins/com.st.stm32cube.ide.mcu.externaltools.gnu-tools-for-stm32.10.3-2021.10.win32_1.0.100.202210260954/tools/bin/../lib/gcc/arm-none-eabi/10.3.1/thumb/v7e-m/nofp/crtn.o
OUTPUT(TIM_PWM_CM4.elf elf32-littlearm)
LOAD linker stubs
LOAD c:/st/stm32cubeide_1.11.2/stm32cubeide/plugins/com.st.stm32cube.ide.mcu.externaltools.gnu-tools-for-stm32.10.3-2021.10.win32_1.0.100.202210260954/tools/bin/../lib/gcc/arm-none-eabi/10.3.1/../../../../arm-none-eabi/lib/thumb/v7e-m/nofp\libc.a
LOAD c:/st/stm32cubeide_1.11.2/stm32cubeide/plugins/com.st.stm32cube.ide.mcu.externaltools.gnu-tools-for-stm32.10.3-2021.10.win32_1.0.100.202210260954/tools/bin/../lib/gcc/arm-none-eabi/10.3.1/../../../../arm-none-eabi/lib/thumb/v7e-m/nofp\libm.a
LOAD c:/st/stm32cubeide_1.11.2/stm32cubeide/plugins/com.st.stm32cube.ide.mcu.externaltools.gnu-tools-for-stm32.10.3-2021.10.win32_1.0.100.202210260954/tools/bin/../lib/gcc/arm-none-eabi/10.3.1/thumb/v7e-m/nofp\libgcc.a

.debug_info     0x0000000000000000    0x14562
 .debug_info    0x0000000000000000      0x566 ./Common/System/system_stm32wlxx.o
 .debug_info    0x0000000000000566     0x17fd ./Core/Src/main.o
 .debug_info    0x0000000000001d63     0x156c ./Core/Src/stm32wlxx_hal_msp.o
 .debug_info    0x00000000000032cf      0x8c2 ./Core/Src/stm32wlxx_it.o
 .debug_info    0x0000000000003b91       0x22 ./Core/Startup/startup_stm32wl55jcix.o
 .debug_info    0x0000000000003bb3     0x1209 ./Drivers/STM32WLxx_HAL_Driver/stm32wlxx_hal.o
 .debug_info    0x0000000000004dbc      0xdc3 ./Drivers/STM32WLxx_HAL_Driver/stm32wlxx_hal_cortex.o
 .debug_info    0x0000000000005b7f      0x79c ./Drivers/STM32WLxx_HAL_Driver/stm32wlxx_hal_gpio.o
 .debug_info    0x000000000000631b      0x912 ./Drivers/STM32WLxx_HAL_Driver/stm32wlxx_hal_pwr.o
 .debug_info    0x0000000000006c2d      0xe53 ./Drivers/STM32WLxx_HAL_Driver/stm32wlxx_hal_pwr_ex.o
 .debug_info    0x0000000000007a80     0x14a8 ./Drivers/STM32WLxx_HAL_Driver/stm32wlxx_hal_rcc.o
 .debug_info    0x0000000000008f28     0x102c ./Drivers/STM32WLxx_HAL_Driver/stm32wlxx_hal_rcc_ex.o
 .debug_info    0x0000000000009f54     0x2e62 ./Drivers/STM32WLxx_HAL_Driver/stm32wlxx_hal_tim.o
 .debug_info    0x000000000000cdb6     0x1a2c ./Drivers/STM32WLxx_HAL_Driver/stm32wlxx_hal_tim_ex.o
 .debug_info    0x000000000000e7e2     0x4cd9 ./Drivers/STM32WLxx_HAL_Driver/stm32wlxx_hal_uart.o
 .debug_info    0x00000000000134bb     0x10a7 ./Drivers/STM32WLxx_HAL_Driver/stm32wlxx_hal_uart_ex.o

.debug_abbrev   0x0000000000000000     0x25ad
 .debug_abbrev  0x0000000000000000      0x138 ./Common/System/system_stm32wlxx.o
 .debug_abbrev  0x0000000000000138      0x2d6 ./Core/Src/main.o
 .debug_abbrev  0x000000000000040e      0x241 ./Core/Src/stm32wlxx_hal_msp.o
 .debug_abbrev  0x000000000000064f      0x19c ./Core/Src/stm32wlxx_it.o
 .debug_abbrev  0x00000000000007eb       0x12 ./Core/Startup/startup_stm32wl55jcix.o
 .debug_abbrev  0x00000000000007fd      0x334 ./Drivers/STM32WLxx_HAL_Driver/stm32wlxx_hal.o
 .debug_abbrev  0x0000000000000b31      0x2d5 ./Drivers/STM32WLxx_HAL_Driver/stm32wlxx_hal_cortex.o
 .debug_abbrev  0x0000000000000e06      0x1d9 ./Drivers/STM32WLxx_HAL_Driver/stm32wlxx_hal_gpio.o
 .debug_abbrev  0x0000000000000fdf      0x203 ./Drivers/STM32WLxx_HAL_Driver/stm32wlxx_hal_pwr.o
 .debug_abbrev  0x00000000000011e2      0x2fa ./Drivers/STM32WLxx_HAL_Driver/stm32wlxx_hal_pwr_ex.o
 .debug_abbrev  0x00000000000014dc      0x324 ./Drivers/STM32WLxx_HAL_Driver/stm32wlxx_hal_rcc.o
 .debug_abbrev  0x0000000000001800      0x2bd ./Drivers/STM32WLxx_HAL_Driver/stm32wlxx_hal_rcc_ex.o
 .debug_abbrev  0x0000000000001abd      0x275 ./Drivers/STM32WLxx_HAL_Driver/stm32wlxx_hal_tim.o
 .debug_abbrev  0x0000000000001d32      0x281 ./Drivers/STM32WLxx_HAL_Driver/stm32wlxx_hal_tim_ex.o
 .debug_abbrev  0x0000000000001fb3      0x33d ./Drivers/STM32WLxx_HAL_Driver/stm32wlxx_hal_uart.o
 .debug_abbrev  0x00000000000022f0      0x2bd ./Drivers/STM32WLxx_HAL_Driver/stm32wlxx_hal_uart_ex.o

.debug_aranges  0x0000000000000000     0x1490
 .debug_aranges
                0x0000000000000000       0x28 ./Common/System/system_stm32wlxx.o
 .debug_aranges
                0x0000000000000028       0x60 ./Core/Src/main.o
 .debug_aranges
                0x0000000000000088       0x70 ./Core/Src/stm32wlxx_hal_msp.o
 .debug_aranges
                0x00000000000000f8       0x68 ./Core/Src/stm32wlxx_it.o
 .debug_aranges
                0x0000000000000160       0x28 ./Core/Startup/startup_stm32wl55jcix.o
 .debug_aranges
                0x0000000000000188      0x240 ./Drivers/STM32WLxx_HAL_Driver/stm32wlxx_hal.o
 .debug_aranges
                0x00000000000003c8      0x118 ./Drivers/STM32WLxx_HAL_Driver/stm32wlxx_hal_cortex.o
 .debug_aranges
                0x00000000000004e0       0x60 ./Drivers/STM32WLxx_HAL_Driver/stm32wlxx_hal_gpio.o
 .debug_aranges
                0x0000000000000540       0xc8 ./Drivers/STM32WLxx_HAL_Driver/stm32wlxx_hal_pwr.o
 .debug_aranges
                0x0000000000000608      0x200 ./Drivers/STM32WLxx_HAL_Driver/stm32wlxx_hal_pwr_ex.o
 .debug_aranges
                0x0000000000000808      0x230 ./Drivers/STM32WLxx_HAL_Driver/stm32wlxx_hal_rcc.o
 .debug_aranges
                0x0000000000000a38      0x1e8 ./Drivers/STM32WLxx_HAL_Driver/stm32wlxx_hal_rcc_ex.o
 .debug_aranges
                0x0000000000000c20      0x3e0 ./Drivers/STM32WLxx_HAL_Driver/stm32wlxx_hal_tim.o
 .debug_aranges
                0x0000000000001000      0x190 ./Drivers/STM32WLxx_HAL_Driver/stm32wlxx_hal_tim_ex.o
 .debug_aranges
                0x0000000000001190      0x258 ./Drivers/STM32WLxx_HAL_Driver/stm32wlxx_hal_uart.o
 .debug_aranges
                0x00000000000013e8       0xa8 ./Drivers/STM32WLxx_HAL_Driver/stm32wlxx_hal_uart_ex.o

.debug_ranges   0x0000000000000000     0x13c8
 .debug_ranges  0x0000000000000000       0x18 ./Common/System/system_stm32wlxx.o
 .debug_ranges  0x0000000000000018       0x50 ./Core/Src/main.o
 .debug_ranges  0x0000000000000068       0x60 ./Core/Src/stm32wlxx_hal_msp.o
 .debug_ranges  0x00000000000000c8       0x58 ./Core/Src/stm32wlxx_it.o
 .debug_ranges  0x0000000000000120       0x20 ./Core/Startup/startup_stm32wl55jcix.o
 .debug_ranges  0x0000000000000140      0x230 ./Drivers/STM32WLxx_HAL_Driver/stm32wlxx_hal.o
 .debug_ranges  0x0000000000000370      0x108 ./Drivers/STM32WLxx_HAL_Driver/stm32wlxx_hal_cortex.o
 .debug_ranges  0x0000000000000478       0x50 ./Drivers/STM32WLxx_HAL_Driver/stm32wlxx_hal_gpio.o
 .debug_ranges  0x00000000000004c8       0xb8 ./Drivers/STM32WLxx_HAL_Driver/stm32wlxx_hal_pwr.o
 .debug_ranges  0x0000000000000580      0x1f0 ./Drivers/STM32WLxx_HAL_Driver/stm32wlxx_hal_pwr_ex.o
 .debug_ranges  0x0000000000000770      0x220 ./Drivers/STM32WLxx_HAL_Driver/stm32wlxx_hal_rcc.o
 .debug_ranges  0x0000000000000990      0x1d8 ./Drivers/STM32WLxx_HAL_Driver/stm32wlxx_hal_rcc_ex.o
 .debug_ranges  0x0000000000000b68      0x3d0 ./Drivers/STM32WLxx_HAL_Driver/stm32wlxx_hal_tim.o
 .debug_ranges  0x0000000000000f38      0x180 ./Drivers/STM32WLxx_HAL_Driver/stm32wlxx_hal_tim_ex.o
 .debug_ranges  0x00000000000010b8      0x278 ./Drivers/STM32WLxx_HAL_Driver/stm32wlxx_hal_uart.o
 .debug_ranges  0x0000000000001330       0x98 ./Drivers/STM32WLxx_HAL_Driver/stm32wlxx_hal_uart_ex.o

.debug_macro    0x0000000000000000    0x1c3e2
 .debug_macro   0x0000000000000000      0x219 ./Common/System/system_stm32wlxx.o
 .debug_macro   0x0000000000000219      0xa72 ./Common/System/system_stm32wlxx.o
 .debug_macro   0x0000000000000c8b       0x2e ./Common/System/system_stm32wlxx.o
 .debug_macro   0x0000000000000cb9       0x3a ./Common/System/system_stm32wlxx.o
 .debug_macro   0x0000000000000cf3       0x22 ./Common/System/system_stm32wlxx.o
 .debug_macro   0x0000000000000d15       0x8e ./Common/System/system_stm32wlxx.o
 .debug_macro   0x0000000000000da3       0x51 ./Common/System/system_stm32wlxx.o
 .debug_macro   0x0000000000000df4      0x103 ./Common/System/system_stm32wlxx.o
 .debug_macro   0x0000000000000ef7       0x6a ./Common/System/system_stm32wlxx.o
 .debug_macro   0x0000000000000f61      0x1df ./Common/System/system_stm32wlxx.o
 .debug_macro   0x0000000000001140       0x1c ./Common/System/system_stm32wlxx.o
 .debug_macro   0x000000000000115c       0x22 ./Common/System/system_stm32wlxx.o
 .debug_macro   0x000000000000117e       0xfb ./Common/System/system_stm32wlxx.o
 .debug_macro   0x0000000000001279     0x1011 ./Common/System/system_stm32wlxx.o
 .debug_macro   0x000000000000228a      0x11f ./Common/System/system_stm32wlxx.o
 .debug_macro   0x00000000000023a9     0xf31a ./Common/System/system_stm32wlxx.o
 .debug_macro   0x00000000000116c3       0x6d ./Common/System/system_stm32wlxx.o
 .debug_macro   0x0000000000011730      0x124 ./Common/System/system_stm32wlxx.o
 .debug_macro   0x0000000000011854     0x341d ./Common/System/system_stm32wlxx.o
 .debug_macro   0x0000000000014c71      0x174 ./Common/System/system_stm32wlxx.o
 .debug_macro   0x0000000000014de5       0x5c ./Common/System/system_stm32wlxx.o
 .debug_macro   0x0000000000014e41      0x416 ./Common/System/system_stm32wlxx.o
 .debug_macro   0x0000000000015257      0x29c ./Common/System/system_stm32wlxx.o
 .debug_macro   0x00000000000154f3      0x35a ./Common/System/system_stm32wlxx.o
 .debug_macro   0x000000000001584d      0x196 ./Common/System/system_stm32wlxx.o
 .debug_macro   0x00000000000159e3       0x4a ./Common/System/system_stm32wlxx.o
 .debug_macro   0x0000000000015a2d      0x236 ./Common/System/system_stm32wlxx.o
 .debug_macro   0x0000000000015c63      0x229 ./Common/System/system_stm32wlxx.o
 .debug_macro   0x0000000000015e8c      0x3fa ./Common/System/system_stm32wlxx.o
 .debug_macro   0x0000000000016286       0x2e ./Common/System/system_stm32wlxx.o
 .debug_macro   0x00000000000162b4      0x107 ./Common/System/system_stm32wlxx.o
 .debug_macro   0x00000000000163bb      0x1ba ./Common/System/system_stm32wlxx.o
 .debug_macro   0x0000000000016575       0xe6 ./Common/System/system_stm32wlxx.o
 .debug_macro   0x000000000001665b      0x283 ./Common/System/system_stm32wlxx.o
 .debug_macro   0x00000000000168de      0x133 ./Common/System/system_stm32wlxx.o
 .debug_macro   0x0000000000016a11      0x36f ./Common/System/system_stm32wlxx.o
 .debug_macro   0x0000000000016d80      0x683 ./Common/System/system_stm32wlxx.o
 .debug_macro   0x0000000000017403      0x20e ./Common/System/system_stm32wlxx.o
 .debug_macro   0x0000000000017611      0xfb4 ./Common/System/system_stm32wlxx.o
 .debug_macro   0x00000000000185c5      0x136 ./Common/System/system_stm32wlxx.o
 .debug_macro   0x00000000000186fb      0x2db ./Common/System/system_stm32wlxx.o
 .debug_macro   0x00000000000189d6      0xac2 ./Common/System/system_stm32wlxx.o
 .debug_macro   0x0000000000019498       0xfa ./Common/System/system_stm32wlxx.o
 .debug_macro   0x0000000000019592      0x693 ./Common/System/system_stm32wlxx.o
 .debug_macro   0x0000000000019c25       0xa6 ./Common/System/system_stm32wlxx.o
 .debug_macro   0x0000000000019ccb      0x45a ./Common/System/system_stm32wlxx.o
 .debug_macro   0x000000000001a125      0x3c0 ./Common/System/system_stm32wlxx.o
 .debug_macro   0x000000000001a4e5      0x228 ./Core/Src/main.o
 .debug_macro   0x000000000001a70d       0x1c ./Core/Src/main.o
 .debug_macro   0x000000000001a729      0x228 ./Core/Src/stm32wlxx_hal_msp.o
 .debug_macro   0x000000000001a951      0x232 ./Core/Src/stm32wlxx_it.o
 .debug_macro   0x000000000001ab83      0x23d ./Drivers/STM32WLxx_HAL_Driver/stm32wlxx_hal.o
 .debug_macro   0x000000000001adc0      0x219 ./Drivers/STM32WLxx_HAL_Driver/stm32wlxx_hal_cortex.o
 .debug_macro   0x000000000001afd9      0x21f ./Drivers/STM32WLxx_HAL_Driver/stm32wlxx_hal_gpio.o
 .debug_macro   0x000000000001b1f8      0x273 ./Drivers/STM32WLxx_HAL_Driver/stm32wlxx_hal_pwr.o
 .debug_macro   0x000000000001b46b      0x22b ./Drivers/STM32WLxx_HAL_Driver/stm32wlxx_hal_pwr_ex.o
 .debug_macro   0x000000000001b696      0x279 ./Drivers/STM32WLxx_HAL_Driver/stm32wlxx_hal_rcc.o
 .debug_macro   0x000000000001b90f      0x22b ./Drivers/STM32WLxx_HAL_Driver/stm32wlxx_hal_rcc_ex.o
 .debug_macro   0x000000000001bb3a      0x21a ./Drivers/STM32WLxx_HAL_Driver/stm32wlxx_hal_tim.o
 .debug_macro   0x000000000001bd54      0x225 ./Drivers/STM32WLxx_HAL_Driver/stm32wlxx_hal_tim_ex.o
 .debug_macro   0x000000000001bf79      0x244 ./Drivers/STM32WLxx_HAL_Driver/stm32wlxx_hal_uart.o
 .debug_macro   0x000000000001c1bd      0x225 ./Drivers/STM32WLxx_HAL_Driver/stm32wlxx_hal_uart_ex.o

.debug_line     0x0000000000000000    0x13219
 .debug_line    0x0000000000000000      0x835 ./Common/System/system_stm32wlxx.o
 .debug_line    0x0000000000000835      0x98a ./Core/Src/main.o
 .debug_line    0x00000000000011bf      0x8cf ./Core/Src/stm32wlxx_hal_msp.o
 .debug_line    0x0000000000001a8e      0x845 ./Core/Src/stm32wlxx_it.o
 .debug_line    0x00000000000022d3       0x89 ./Core/Startup/startup_stm32wl55jcix.o
 .debug_line    0x000000000000235c      0xf49 ./Drivers/STM32WLxx_HAL_Driver/stm32wlxx_hal.o
 .debug_line    0x00000000000032a5      0xd30 ./Drivers/STM32WLxx_HAL_Driver/stm32wlxx_hal_cortex.o
 .debug_line    0x0000000000003fd5      0xba5 ./Drivers/STM32WLxx_HAL_Driver/stm32wlxx_hal_gpio.o
 .debug_line    0x0000000000004b7a      0xa29 ./Drivers/STM32WLxx_HAL_Driver/stm32wlxx_hal_pwr.o
 .debug_line    0x00000000000055a3      0xf07 ./Drivers/STM32WLxx_HAL_Driver/stm32wlxx_hal_pwr_ex.o
 .debug_line    0x00000000000064aa     0x175f ./Drivers/STM32WLxx_HAL_Driver/stm32wlxx_hal_rcc.o
 .debug_line    0x0000000000007c09     0x13a1 ./Drivers/STM32WLxx_HAL_Driver/stm32wlxx_hal_rcc_ex.o
 .debug_line    0x0000000000008faa     0x3b75 ./Drivers/STM32WLxx_HAL_Driver/stm32wlxx_hal_tim.o
 .debug_line    0x000000000000cb1f     0x1c82 ./Drivers/STM32WLxx_HAL_Driver/stm32wlxx_hal_tim_ex.o
 .debug_line    0x000000000000e7a1     0x3c8a ./Drivers/STM32WLxx_HAL_Driver/stm32wlxx_hal_uart.o
 .debug_line    0x000000000001242b      0xdee ./Drivers/STM32WLxx_HAL_Driver/stm32wlxx_hal_uart_ex.o

.debug_str      0x0000000000000000    0xb7274
 .debug_str     0x0000000000000000    0xb0f7a ./Common/System/system_stm32wlxx.o
                                      0xb153b (size before relaxing)
 .debug_str     0x00000000000b0f7a      0xe77 ./Core/Src/main.o
                                      0xb23e7 (size before relaxing)
 .debug_str     0x00000000000b1df1      0x70b ./Core/Src/stm32wlxx_hal_msp.o
                                      0xb24ea (size before relaxing)
 .debug_str     0x00000000000b24fc       0xef ./Core/Src/stm32wlxx_it.o
                                      0xb19b3 (size before relaxing)
 .debug_str     0x00000000000b25eb       0x36 ./Core/Startup/startup_stm32wl55jcix.o
                                         0x75 (size before relaxing)
 .debug_str     0x00000000000b2621      0x920 ./Drivers/STM32WLxx_HAL_Driver/stm32wlxx_hal.o
                                      0xb231e (size before relaxing)
 .debug_str     0x00000000000b2f41      0x3a3 ./Drivers/STM32WLxx_HAL_Driver/stm32wlxx_hal_cortex.o
                                      0xb1c1c (size before relaxing)
 .debug_str     0x00000000000b32e4      0x1ba ./Drivers/STM32WLxx_HAL_Driver/stm32wlxx_hal_gpio.o
                                      0xb158f (size before relaxing)
 .debug_str     0x00000000000b349e      0x55f ./Drivers/STM32WLxx_HAL_Driver/stm32wlxx_hal_pwr.o
                                      0xb198e (size before relaxing)
 .debug_str     0x00000000000b39fd      0x6d6 ./Drivers/STM32WLxx_HAL_Driver/stm32wlxx_hal_pwr_ex.o
                                      0xb1cee (size before relaxing)
 .debug_str     0x00000000000b40d3      0xae5 ./Drivers/STM32WLxx_HAL_Driver/stm32wlxx_hal_rcc.o
                                      0xb2302 (size before relaxing)
 .debug_str     0x00000000000b4bb8      0x59b ./Drivers/STM32WLxx_HAL_Driver/stm32wlxx_hal_rcc_ex.o
                                      0xb1e5d (size before relaxing)
 .debug_str     0x00000000000b5153      0xdec ./Drivers/STM32WLxx_HAL_Driver/stm32wlxx_hal_tim.o
                                      0xb28ff (size before relaxing)
 .debug_str     0x00000000000b5f3f      0x67d ./Drivers/STM32WLxx_HAL_Driver/stm32wlxx_hal_tim_ex.o
                                      0xb2394 (size before relaxing)
 .debug_str     0x00000000000b65bc      0xa22 ./Drivers/STM32WLxx_HAL_Driver/stm32wlxx_hal_uart.o
                                      0xb2574 (size before relaxing)
 .debug_str     0x00000000000b6fde      0x296 ./Drivers/STM32WLxx_HAL_Driver/stm32wlxx_hal_uart_ex.o
                                      0xb1c6d (size before relaxing)

.comment        0x0000000000000000       0x50
 .comment       0x0000000000000000       0x50 ./Common/System/system_stm32wlxx.o
                                         0x51 (size before relaxing)
 .comment       0x0000000000000050       0x51 ./Core/Src/main.o
 .comment       0x0000000000000050       0x51 ./Core/Src/stm32wlxx_hal_msp.o
 .comment       0x0000000000000050       0x51 ./Core/Src/stm32wlxx_it.o
 .comment       0x0000000000000050       0x51 ./Drivers/STM32WLxx_HAL_Driver/stm32wlxx_hal.o
 .comment       0x0000000000000050       0x51 ./Drivers/STM32WLxx_HAL_Driver/stm32wlxx_hal_cortex.o
 .comment       0x0000000000000050       0x51 ./Drivers/STM32WLxx_HAL_Driver/stm32wlxx_hal_gpio.o
 .comment       0x0000000000000050       0x51 ./Drivers/STM32WLxx_HAL_Driver/stm32wlxx_hal_pwr.o
 .comment       0x0000000000000050       0x51 ./Drivers/STM32WLxx_HAL_Driver/stm32wlxx_hal_pwr_ex.o
 .comment       0x0000000000000050       0x51 ./Drivers/STM32WLxx_HAL_Driver/stm32wlxx_hal_rcc.o
 .comment       0x0000000000000050       0x51 ./Drivers/STM32WLxx_HAL_Driver/stm32wlxx_hal_rcc_ex.o
 .comment       0x0000000000000050       0x51 ./Drivers/STM32WLxx_HAL_Driver/stm32wlxx_hal_tim.o
 .comment       0x0000000000000050       0x51 ./Drivers/STM32WLxx_HAL_Driver/stm32wlxx_hal_tim_ex.o
 .comment       0x0000000000000050       0x51 ./Drivers/STM32WLxx_HAL_Driver/stm32wlxx_hal_uart.o
 .comment       0x0000000000000050       0x51 ./Drivers/STM32WLxx_HAL_Driver/stm32wlxx_hal_uart_ex.o

.debug_frame    0x0000000000000000     0x57b4
 .debug_frame   0x0000000000000000       0x58 ./Common/System/system_stm32wlxx.o
 .debug_frame   0x0000000000000058      0x13c ./Core/Src/main.o
 .debug_frame   0x0000000000000194      0x1ac ./Core/Src/stm32wlxx_hal_msp.o
 .debug_frame   0x0000000000000340      0x120 ./Core/Src/stm32wlxx_it.o
 .debug_frame   0x0000000000000460      0x948 ./Drivers/STM32WLxx_HAL_Driver/stm32wlxx_hal.o
 .debug_frame   0x0000000000000da8      0x498 ./Drivers/STM32WLxx_HAL_Driver/stm32wlxx_hal_cortex.o
 .debug_frame   0x0000000000001240      0x174 ./Drivers/STM32WLxx_HAL_Driver/stm32wlxx_hal_gpio.o
 .debug_frame   0x00000000000013b4      0x31c ./Drivers/STM32WLxx_HAL_Driver/stm32wlxx_hal_pwr.o
 .debug_frame   0x00000000000016d0      0x894 ./Drivers/STM32WLxx_HAL_Driver/stm32wlxx_hal_pwr_ex.o
 .debug_frame   0x0000000000001f64      0x8fc ./Drivers/STM32WLxx_HAL_Driver/stm32wlxx_hal_rcc.o
 .debug_frame   0x0000000000002860      0x7ec ./Drivers/STM32WLxx_HAL_Driver/stm32wlxx_hal_rcc_ex.o
 .debug_frame   0x000000000000304c     0x121c ./Drivers/STM32WLxx_HAL_Driver/stm32wlxx_hal_tim.o
 .debug_frame   0x0000000000004268      0x6fc ./Drivers/STM32WLxx_HAL_Driver/stm32wlxx_hal_tim_ex.o
 .debug_frame   0x0000000000004964      0xae4 ./Drivers/STM32WLxx_HAL_Driver/stm32wlxx_hal_uart.o
 .debug_frame   0x0000000000005448      0x2c0 ./Drivers/STM32WLxx_HAL_Driver/stm32wlxx_hal_uart_ex.o
 .debug_frame   0x0000000000005708       0x2c c:/st/stm32cubeide_1.11.2/stm32cubeide/plugins/com.st.stm32cube.ide.mcu.externaltools.gnu-tools-for-stm32.10.3-2021.10.win32_1.0.100.202210260954/tools/bin/../lib/gcc/arm-none-eabi/10.3.1/../../../../arm-none-eabi/lib/thumb/v7e-m/nofp\libc_nano.a(lib_a-init.o)
 .debug_frame   0x0000000000005734       0x20 c:/st/stm32cubeide_1.11.2/stm32cubeide/plugins/com.st.stm32cube.ide.mcu.externaltools.gnu-tools-for-stm32.10.3-2021.10.win32_1.0.100.202210260954/tools/bin/../lib/gcc/arm-none-eabi/10.3.1/../../../../arm-none-eabi/lib/thumb/v7e-m/nofp\libc_nano.a(lib_a-memset.o)
 .debug_frame   0x0000000000005754       0x2c c:/st/stm32cubeide_1.11.2/stm32cubeide/plugins/com.st.stm32cube.ide.mcu.externaltools.gnu-tools-for-stm32.10.3-2021.10.win32_1.0.100.202210260954/tools/bin/../lib/gcc/arm-none-eabi/10.3.1/thumb/v7e-m/nofp\libgcc.a(_aeabi_uldivmod.o)
 .debug_frame   0x0000000000005780       0x34 c:/st/stm32cubeide_1.11.2/stm32cubeide/plugins/com.st.stm32cube.ide.mcu.externaltools.gnu-tools-for-stm32.10.3-2021.10.win32_1.0.100.202210260954/tools/bin/../lib/gcc/arm-none-eabi/10.3.1/thumb/v7e-m/nofp\libgcc.a(_udivmoddi4.o)
